// Jest Snapshot v1, https://goo.gl/fbAQLP

exports[`Index Page should render properly 1`] = `<DocumentFragment />`;
