// Jest Snapshot v1, https://goo.gl/fbAQLP

exports[`MoviePage feature should render properly 1`] = `[Function]`;
