// Jest Snapshot v1, https://goo.gl/fbAQLP

exports[`Movie Page should render properly 1`] = `[Function]`;
